[
  {
    "id": "b437edfc-0a35-45ea-bc4e-8c3022e91afb",
    "role": "ADMIN",
    "full_name": "Aarav Sharma",
    "phone": "9876543210",
    "email": "admin@labourlink.com",
    "created_at": "2026-06-25T09:21:41.558Z",
    "updated_at": "2026-06-25T09:21:41.558Z"
  },
  {
    "id": "c4491244-5643-4a96-8a8b-18b8fa94a77e",
    "role": "CUSTOMER",
    "full_name": "Amit Roy",
    "phone": "9000000101",
    "email": "amit.roy@labourlink.com",
    "created_at": "2026-06-25T09:21:41.561Z",
    "updated_at": "2026-06-25T09:21:41.561Z"
  },
  {
    "id": "b50efb86-2a9d-43eb-a134-a1d2d4d6d4eb",
    "role": "CUSTOMER",
    "full_name": "Vijay Patel",
    "phone": "9000000102",
    "email": "vijay.patel@labourlink.com",
    "created_at": "2026-06-25T09:21:41.566Z",
    "updated_at": "2026-06-25T09:21:41.566Z"
  },
  {
    "id": "0545116b-ab85-41de-a32f-9cde869001a4",
    "role": "CUSTOMER",
    "full_name": "Priya Sharma",
    "phone": "9000000103",
    "email": "priya.sharma@labourlink.com",
    "created_at": "2026-06-25T09:21:41.570Z",
    "updated_at": "2026-06-25T09:21:41.570Z"
  },
  {
    "id": "22e87f13-214d-465a-a574-16dc2f2161cb",
    "role": "CONTRACTOR",
    "full_name": "Suresh Buildmax",
    "phone": "9000000201",
    "email": "buildmax@labourlink.com",
    "created_at": "2026-06-25T09:21:41.577Z",
    "updated_at": "2026-06-25T09:21:41.577Z"
  },
  {
    "id": "be27d52b-8db7-4700-a140-0c35ffac146e",
    "role": "CONTRACTOR",
    "full_name": "Urban Works",
    "phone": "9000000202",
    "email": "urbanworks@labourlink.com",
    "created_at": "2026-06-25T09:21:41.582Z",
    "updated_at": "2026-06-25T09:21:41.582Z"
  },
  {
    "id": "6d01f83b-1107-40ab-a09d-14355eb56514",
    "role": "CONTRACTOR",
    "full_name": "Skyline Infra",
    "phone": "9000000203",
    "email": "skylineinfra@labourlink.com",
    "created_at": "2026-06-25T09:21:41.588Z",
    "updated_at": "2026-06-25T09:21:41.588Z"
  },
  {
    "id": "16759028-a5d9-46e2-b1a0-26ac1b291a3e",
    "role": "CUSTOMER",
    "full_name": "Ananya Deshmukh",
    "phone": "9000000104",
    "email": "ananya.deshmukh@labourlink.com",
    "created_at": "2026-07-25T14:04:15.140Z",
    "updated_at": "2026-07-25T14:04:15.142Z"
  },
  {
    "id": "cb40bf80-bb0e-4396-9140-10472430222f",
    "role": "CUSTOMER",
    "full_name": "Rajesh Malhotra",
    "phone": "9000000105",
    "email": "rajesh.malhotra@labourlink.com",
    "created_at": "2026-07-25T14:04:15.142Z",
    "updated_at": "2026-07-25T14:04:15.142Z"
  },
  {
    "id": "6c8ba0f9-7ea9-4951-a820-f3733fd05b73",
    "role": "CUSTOMER",
    "full_name": "Sunita Rao",
    "phone": "9000000106",
    "email": "sunita.rao@labourlink.com",
    "created_at": "2026-07-25T14:04:15.142Z",
    "updated_at": "2026-07-25T14:04:15.142Z"
  },
  {
    "id": "331683a4-33eb-418a-ba0b-fd88627cdd93",
    "role": "CUSTOMER",
    "full_name": "Kavita Nair",
    "phone": "9000000107",
    "email": "kavita.nair@labourlink.com",
    "created_at": "2026-07-25T14:04:15.142Z",
    "updated_at": "2026-07-25T14:04:15.142Z"
  },
  {
    "id": "0859f845-a21d-4dea-8d26-25462b7f1a4b",
    "role": "CUSTOMER",
    "full_name": "Sanjay Kapoor",
    "phone": "9000000108",
    "email": "sanjay.kapoor@labourlink.com",
    "created_at": "2026-07-25T14:04:15.142Z",
    "updated_at": "2026-07-25T14:04:15.142Z"
  },
  {
    "id": "123b61ca-63ff-4477-993a-08a85ed99a7f",
    "role": "CUSTOMER",
    "full_name": "Neha Gupta",
    "phone": "9000000109",
    "email": "neha.gupta@labourlink.com",
    "created_at": "2026-07-25T14:04:15.142Z",
    "updated_at": "2026-07-25T14:04:15.142Z"
  },
  {
    "id": "5eaf43fd-bfdf-418a-af36-1778bfb5ceed",
    "role": "CUSTOMER",
    "full_name": "Rohan Mehta",
    "phone": "9000000110",
    "email": "rohan.mehta@labourlink.com",
    "created_at": "2026-07-25T14:04:15.142Z",
    "updated_at": "2026-07-25T14:04:15.142Z"
  },
  {
    "id": "f59114c7-6025-444f-8832-5363e27341a3",
    "role": "CUSTOMER",
    "full_name": "Divya Agarwal",
    "phone": "9000000111",
    "email": "divya.agarwal@labourlink.com",
    "created_at": "2026-07-25T14:04:15.143Z",
    "updated_at": "2026-07-25T14:04:15.143Z"
  },
  {
    "id": "7a36ad9b-6f2f-46a4-990d-af6f9df6becf",
    "role": "CUSTOMER",
    "full_name": "Alok Verma",
    "phone": "9000000112",
    "email": "alok.verma@labourlink.com",
    "created_at": "2026-07-25T14:04:15.143Z",
    "updated_at": "2026-07-25T14:04:15.143Z"
  },
  {
    "id": "202b4dcb-4dcd-4307-8128-305a1a091c28",
    "role": "WORKER",
    "full_name": "Ramesh Patel",
    "phone": "8000000001",
    "email": "ramesh@labourlink.com",
    "created_at": "2026-07-26T02:54:58.817Z",
    "updated_at": "2026-07-26T02:54:58.821Z"
  },
  {
    "id": "643a6860-e2d1-451f-bef1-dfb58708babe",
    "role": "WORKER",
    "full_name": "Suresh Yadav",
    "phone": "8000000002",
    "email": "suresh@labourlink.com",
    "created_at": "2026-07-26T02:54:58.822Z",
    "updated_at": "2026-07-26T02:54:58.822Z"
  },
  {
    "id": "3d52998a-583a-4257-854e-93df219021e7",
    "role": "WORKER",
    "full_name": "Mahesh Sharma",
    "phone": "8000000003",
    "email": "mahesh@labourlink.com",
    "created_at": "2026-07-26T02:54:58.822Z",
    "updated_at": "2026-07-26T02:54:58.823Z"
  },
  {
    "id": "e00c63ff-964d-4e81-b5db-c8b7553bd3da",
    "role": "WORKER",
    "full_name": "Ajay Verma",
    "phone": "8000000004",
    "email": "ajay@labourlink.com",
    "created_at": "2026-07-26T02:54:58.823Z",
    "updated_at": "2026-07-26T02:54:58.823Z"
  },
  {
    "id": "bbdc0219-6b09-4e54-9fd4-610b0448c8d0",
    "role": "WORKER",
    "full_name": "Deepak Singh",
    "phone": "8000000005",
    "email": "deepak@labourlink.com",
    "created_at": "2026-07-26T02:54:58.823Z",
    "updated_at": "2026-07-26T02:54:58.823Z"
  },
  {
    "id": "1c786883-59cb-4244-8314-12edba2b4185",
    "role": "WORKER",
    "full_name": "Vikram Jadhav",
    "phone": "8000000006",
    "email": "vikram@labourlink.com",
    "created_at": "2026-07-26T02:54:58.823Z",
    "updated_at": "2026-07-26T02:54:58.823Z"
  },
  {
    "id": "f4ab90c8-e313-4d70-8f7b-e77dc2ce13e3",
    "role": "WORKER",
    "full_name": "Rahul Pawar",
    "phone": "8000000007",
    "email": "rahul@labourlink.com",
    "created_at": "2026-07-26T02:54:58.823Z",
    "updated_at": "2026-07-26T02:54:58.823Z"
  },
  {
    "id": "d1411ef9-7ab8-4f83-a356-1acd32ca73bd",
    "role": "WORKER",
    "full_name": "Naresh Kumar",
    "phone": "8000000008",
    "email": "naresh@labourlink.com",
    "created_at": "2026-07-26T02:54:58.823Z",
    "updated_at": "2026-07-26T02:54:58.823Z"
  },
  {
    "id": "82d93906-83e7-443a-86a7-5b4c8a577dfc",
    "role": "WORKER",
    "full_name": "Ganesh Shinde",
    "phone": "8000000009",
    "email": "ganesh@labourlink.com",
    "created_at": "2026-07-26T02:54:58.824Z",
    "updated_at": "2026-07-26T02:54:58.824Z"
  },
  {
    "id": "3750616d-be53-4a66-a102-92437bc08b47",
    "role": "WORKER",
    "full_name": "Imran Sheikh",
    "phone": "8000000010",
    "email": "imran@labourlink.com",
    "created_at": "2026-07-26T02:54:58.824Z",
    "updated_at": "2026-07-26T02:54:58.824Z"
  },
  {
    "id": "0d220743-56a5-4a28-bd7a-e224f43a17b5",
    "role": "WORKER",
    "full_name": "Prakash More",
    "phone": "8000000011",
    "email": "prakash@labourlink.com",
    "created_at": "2026-07-26T02:54:58.824Z",
    "updated_at": "2026-07-26T02:54:58.824Z"
  },
  {
    "id": "3f68467d-3eb1-4858-97a3-5770505c7ab5",
    "role": "WORKER",
    "full_name": "Amit Chavan",
    "phone": "8000000012",
    "email": "amitchavan@labourlink.com",
    "created_at": "2026-07-26T02:54:58.824Z",
    "updated_at": "2026-07-26T02:54:58.824Z"
  }
]