[2026-07-25T09:21:41.134Z] Starting database seeding...
[2026-07-25T09:21:41.137Z] labourlink_db.json being written: C:\Users\QUIKCARE COMPUTERS\Desktop\labourlink\labourlink\apps\api\database\labourlink_db.json
[2026-07-25T09:21:41.139Z] labourlink_db.json being read by the API: C:\Users\QUIKCARE COMPUTERS\Desktop\labourlink\labourlink\apps\api\database\labourlink_db.json
[2026-07-25T09:21:41.141Z] Database path being used: C:\Users\QUIKCARE COMPUTERS\Desktop\labourlink\labourlink\apps\api\database\labourlink_db.json
[2026-07-25T09:21:41.191Z] Current user count before seeding: 0
[2026-07-25T09:21:41.192Z] Seed started
[2026-07-25T09:21:41.193Z] Clearing old database records...
[2026-07-25T09:21:41.273Z] Database cleared.
[2026-07-25T09:21:41.558Z] Skills inserted
[2026-07-25T09:21:41.576Z] Customers inserted
[2026-07-25T09:21:41.592Z] Contractors inserted
[2026-07-25T09:21:41.745Z] Workers inserted
[2026-07-25T09:21:41.812Z] Force saving database to disk...
[2026-07-25T09:21:41.814Z] Reloading database from disk...
[2026-07-25T09:21:41.820Z] Database reload validation passed. Seeded users verified.
[2026-07-25T09:21:41.830Z] 
=========================================
[2026-07-25T09:21:41.831Z]           POST-SEEDING REPORT            
[2026-07-25T09:21:41.831Z] =========================================
[2026-07-25T09:21:41.832Z] User count after seeding: 12
[2026-07-25T09:21:41.833Z] Worker count: 5
[2026-07-25T09:21:41.835Z] Customer count: 3
[2026-07-25T09:21:41.835Z] Contractor count: 3
[2026-07-25T09:21:41.836Z] Skills taxonomy count: 11
[2026-07-25T09:21:41.837Z] =========================================

[2026-07-25T09:21:41.838Z] Verifying login credentials compatibility...
[2026-07-25T09:21:43.823Z] All login credentials successfully verified via the API logic.
[2026-07-25T09:21:43.824Z] 
=========================================
[2026-07-25T09:21:43.826Z]             DEMO CREDENTIALS             
[2026-07-25T09:21:43.827Z] =========================================
[2026-07-25T09:21:43.828Z] 
ADMIN
[2026-07-25T09:21:43.829Z] Email: [admin@labourlink.com](mailto:admin@labourlink.com)
[2026-07-25T09:21:43.829Z] Password: password123
[2026-07-25T09:21:43.830Z] 
CUSTOMER
[2026-07-25T09:21:43.831Z] Email: [amit.roy@labourlink.com](mailto:amit.roy@labourlink.com)
[2026-07-25T09:21:43.832Z] Password: password123
[2026-07-25T09:21:43.833Z] 
CUSTOMER
[2026-07-25T09:21:43.834Z] Email: [vijay.patel@labourlink.com](mailto:vijay.patel@labourlink.com)
[2026-07-25T09:21:43.835Z] Password: password123
[2026-07-25T09:21:43.836Z] 
CUSTOMER
[2026-07-25T09:21:43.837Z] Email: [priya.sharma@labourlink.com](mailto:priya.sharma@labourlink.com)
[2026-07-25T09:21:43.838Z] Password: password123
[2026-07-25T09:21:43.839Z] 
WORKER
[2026-07-25T09:21:43.840Z] Email: [ramesh.worker@labourlink.com](mailto:ramesh.worker@labourlink.com)
[2026-07-25T09:21:43.841Z] Password: password123
[2026-07-25T09:21:43.841Z] 
WORKER
[2026-07-25T09:21:43.843Z] Email: [suresh.worker@labourlink.com](mailto:suresh.worker@labourlink.com)
[2026-07-25T09:21:43.844Z] Password: password123
[2026-07-25T09:21:43.845Z] 
WORKER
[2026-07-25T09:21:43.846Z] Email: [akash.worker@labourlink.com](mailto:akash.worker@labourlink.com)
[2026-07-25T09:21:43.847Z] Password: password123
[2026-07-25T09:21:43.848Z] 
WORKER
[2026-07-25T09:21:43.849Z] Email: [imran.worker@labourlink.com](mailto:imran.worker@labourlink.com)
[2026-07-25T09:21:43.850Z] Password: password123
[2026-07-25T09:21:43.850Z] 
WORKER
[2026-07-25T09:21:43.851Z] Email: [vikas.worker@labourlink.com](mailto:vikas.worker@labourlink.com)
[2026-07-25T09:21:43.853Z] Password: password123
[2026-07-25T09:21:43.854Z] 
CONTRACTOR
[2026-07-25T09:21:43.855Z] Email: [buildmax@labourlink.com](mailto:buildmax@labourlink.com)
[2026-07-25T09:21:43.857Z] Password: password123
[2026-07-25T09:21:43.858Z] 
CONTRACTOR
[2026-07-25T09:21:43.859Z] Email: [urbanworks@labourlink.com](mailto:urbanworks@labourlink.com)
[2026-07-25T09:21:43.860Z] Password: password123
[2026-07-25T09:21:43.861Z] 
CONTRACTOR
[2026-07-25T09:21:43.863Z] Email: [skylineinfra@labourlink.com](mailto:skylineinfra@labourlink.com)
[2026-07-25T09:21:43.864Z] Password: password123
[2026-07-25T09:21:43.865Z] =========================================

[2026-07-25T09:21:43.866Z] Seed completed successfully